------------------------------------------------------------
TimeQuest Timing Analyzer Summary
------------------------------------------------------------

Type  : Slow 1200mV 85C Model Setup 'comb_4|comb_10|altpll_component|auto_generated|pll1|clk[0]'
Slack : 9.206
TNS   : 0.000

Type  : Slow 1200mV 85C Model Setup 'CLOCK_50'
Slack : 16.329
TNS   : 0.000

Type  : Slow 1200mV 85C Model Hold 'CLOCK_50'
Slack : 0.358
TNS   : 0.000

Type  : Slow 1200mV 85C Model Hold 'comb_4|comb_10|altpll_component|auto_generated|pll1|clk[0]'
Slack : 0.358
TNS   : 0.000

Type  : Slow 1200mV 85C Model Minimum Pulse Width 'comb_4|comb_10|altpll_component|auto_generated|pll1|clk[0]'
Slack : 4.747
TNS   : 0.000

Type  : Slow 1200mV 85C Model Minimum Pulse Width 'CLOCK_50'
Slack : 9.596
TNS   : 0.000

Type  : Slow 1200mV 0C Model Setup 'comb_4|comb_10|altpll_component|auto_generated|pll1|clk[0]'
Slack : 9.288
TNS   : 0.000

Type  : Slow 1200mV 0C Model Setup 'CLOCK_50'
Slack : 16.767
TNS   : 0.000

Type  : Slow 1200mV 0C Model Hold 'comb_4|comb_10|altpll_component|auto_generated|pll1|clk[0]'
Slack : 0.312
TNS   : 0.000

Type  : Slow 1200mV 0C Model Hold 'CLOCK_50'
Slack : 0.313
TNS   : 0.000

Type  : Slow 1200mV 0C Model Minimum Pulse Width 'comb_4|comb_10|altpll_component|auto_generated|pll1|clk[0]'
Slack : 4.745
TNS   : 0.000

Type  : Slow 1200mV 0C Model Minimum Pulse Width 'CLOCK_50'
Slack : 9.595
TNS   : 0.000

Type  : Fast 1200mV 0C Model Setup 'comb_4|comb_10|altpll_component|auto_generated|pll1|clk[0]'
Slack : 9.555
TNS   : 0.000

Type  : Fast 1200mV 0C Model Setup 'CLOCK_50'
Slack : 17.903
TNS   : 0.000

Type  : Fast 1200mV 0C Model Hold 'comb_4|comb_10|altpll_component|auto_generated|pll1|clk[0]'
Slack : 0.186
TNS   : 0.000

Type  : Fast 1200mV 0C Model Hold 'CLOCK_50'
Slack : 0.187
TNS   : 0.000

Type  : Fast 1200mV 0C Model Minimum Pulse Width 'comb_4|comb_10|altpll_component|auto_generated|pll1|clk[0]'
Slack : 4.782
TNS   : 0.000

Type  : Fast 1200mV 0C Model Minimum Pulse Width 'CLOCK_50'
Slack : 9.272
TNS   : 0.000

------------------------------------------------------------
