Flow report for SDR_REV_A
Wed Aug 29 23:45:07 2012
Quartus II 32-bit Version 12.0 Build 178 05/31/2012 SJ Web Edition


---------------------
; Table of Contents ;
---------------------
  1. Legal Notice
  2. Flow Summary
  3. Flow Settings
  4. Flow Non-Default Global Settings
  5. Flow Elapsed Time
  6. Flow OS Summary
  7. Flow Log



----------------
; Legal Notice ;
----------------
Copyright (C) 1991-2012 Altera Corporation
Your use of Altera Corporation's design tools, logic functions 
and other software and tools, and its AMPP partner logic 
functions, and any output files from any of the foregoing 
(including device programming or simulation files), and any 
associated documentation or information are expressly subject 
to the terms and conditions of the Altera Program License 
Subscription Agreement, Altera MegaCore Function License 
Agreement, or other applicable license agreement, including, 
without limitation, that your use is for the sole purpose of 
programming logic devices manufactured by Altera and sold by 
Altera or its authorized distributors.  Please refer to the 
applicable agreement for further details.



+-------------------------------------------------------------------------------+
; Flow Summary                                                                  ;
+------------------------------------+------------------------------------------+
; Flow Status                        ; Successful - Wed Aug 29 23:45:06 2012    ;
; Quartus II 32-bit Version          ; 12.0 Build 178 05/31/2012 SJ Web Edition ;
; Revision Name                      ; SDR_REV_A                                ;
; Top-level Entity Name              ; SDR_REV_A                                ;
; Family                             ; Cyclone IV E                             ;
; Device                             ; EP4CE22F17C6                             ;
; Timing Models                      ; Final                                    ;
; Total logic elements               ; 111 / 22,320 ( < 1 % )                   ;
;     Total combinational functions  ; 110 / 22,320 ( < 1 % )                   ;
;     Dedicated logic registers      ; 76 / 22,320 ( < 1 % )                    ;
; Total registers                    ; 76                                       ;
; Total pins                         ; 107 / 154 ( 69 % )                       ;
; Total virtual pins                 ; 0                                        ;
; Total memory bits                  ; 0 / 608,256 ( 0 % )                      ;
; Embedded Multiplier 9-bit elements ; 0 / 132 ( 0 % )                          ;
; Total PLLs                         ; 1 / 4 ( 25 % )                           ;
+------------------------------------+------------------------------------------+


+-----------------------------------------+
; Flow Settings                           ;
+-------------------+---------------------+
; Option            ; Setting             ;
+-------------------+---------------------+
; Start date & time ; 08/29/2012 23:44:39 ;
; Main task         ; Compilation         ;
; Revision Name     ; SDR_REV_A           ;
+-------------------+---------------------+


+---------------------------------------------------------------------------------------------------------------------------------------------------------+
; Flow Non-Default Global Settings                                                                                                                        ;
+-------------------------------------+------------------------------------------------------------------------+---------------+-------------+------------+
; Assignment Name                     ; Value                                                                  ; Default Value ; Entity Name ; Section Id ;
+-------------------------------------+------------------------------------------------------------------------+---------------+-------------+------------+
; COMPILER_SIGNATURE_ID               ; 165402819870.134629827908364                                           ; --            ; --          ; --         ;
; IP_TOOL_NAME                        ; ALTPLL_RECONFIG                                                        ; --            ; --          ; --         ;
; IP_TOOL_NAME                        ; FFT                                                                    ; --            ; --          ; --         ;
; IP_TOOL_NAME                        ; ALTPLL                                                                 ; --            ; --          ; --         ;
; IP_TOOL_NAME                        ; FIFO                                                                   ; --            ; --          ; --         ;
; IP_TOOL_VERSION                     ; 10.1                                                                   ; --            ; --          ; --         ;
; IP_TOOL_VERSION                     ; 10.1                                                                   ; --            ; --          ; --         ;
; IP_TOOL_VERSION                     ; 12.0                                                                   ; --            ; --          ; --         ;
; IP_TOOL_VERSION                     ; 10.1                                                                   ; --            ; --          ; --         ;
; MAX_CORE_JUNCTION_TEMP              ; 85                                                                     ; --            ; --          ; --         ;
; MIN_CORE_JUNCTION_TEMP              ; 0                                                                      ; --            ; --          ; --         ;
; MISC_FILE                           ; C:/fpga/SDR_REV_A/SDR_REV_A.dpf                                        ; --            ; --          ; --         ;
; MISC_FILE                           ; C:/Repositories/Pulsar_SDR/SDR_REV_A.dpf                               ; --            ; --          ; --         ;
; MISC_FILE                           ; PLL_CONFIG_bb.v                                                        ; --            ; --          ; --         ;
; MISC_FILE                           ; fft-library/apn_fftfp_add_fft_101.vhd                                  ; --            ; --          ; --         ;
; MISC_FILE                           ; fft-library/apn_fftfp_core_fft_101.vhd                                 ; --            ; --          ; --         ;
; MISC_FILE                           ; fft-library/apn_fftfp_del_fft_101.vhd                                  ; --            ; --          ; --         ;
; MISC_FILE                           ; fft-library/apn_fftfp_dft4_fft_101.vhd                                 ; --            ; --          ; --         ;
; MISC_FILE                           ; fft-library/apn_fftfp_fft4_fft_101.vhd                                 ; --            ; --          ; --         ;
; MISC_FILE                           ; fft-library/apn_fftfp_laststage_fft_101.vhd                            ; --            ; --          ; --         ;
; MISC_FILE                           ; fft-library/apn_fftfp_lsft32_fft_101.vhd                               ; --            ; --          ; --         ;
; MISC_FILE                           ; fft-library/apn_fftfp_mul_2727_fft_101.vhd                             ; --            ; --          ; --         ;
; MISC_FILE                           ; fft-library/apn_fftfp_mul_fft_101.vhd                                  ; --            ; --          ; --         ;
; MISC_FILE                           ; fft-library/apn_fftfp_ram_fft_101.vhd                                  ; --            ; --          ; --         ;
; MISC_FILE                           ; fft-library/apn_fftfp_rsft32_fft_101.vhd                               ; --            ; --          ; --         ;
; MISC_FILE                           ; fft-library/apn_fftfp_rvsctl_fft_101.vhd                               ; --            ; --          ; --         ;
; MISC_FILE                           ; fft-library/apn_fftfp_rvs_fft_101.vhd                                  ; --            ; --          ; --         ;
; MISC_FILE                           ; fft-library/apn_fftfp_shift_fft_101.vhd                                ; --            ; --          ; --         ;
; MISC_FILE                           ; fft-library/apn_fftfp_snorm_fft_101.vhd                                ; --            ; --          ; --         ;
; MISC_FILE                           ; fft-library/apn_fftfp_snorm_mul_fft_101.vhd                            ; --            ; --          ; --         ;
; MISC_FILE                           ; fft-library/apn_fftfp_stage_fft_101.vhd                                ; --            ; --          ; --         ;
; MISC_FILE                           ; fft-library/apn_fftfp_sub_fft_101.vhd                                  ; --            ; --          ; --         ;
; MISC_FILE                           ; fft-library/apn_fftfp_top_fft_101.vhd                                  ; --            ; --          ; --         ;
; MISC_FILE                           ; fft-library/apn_fftfp_twiddle_fft_101.vhd                              ; --            ; --          ; --         ;
; MISC_FILE                           ; fft-library/apn_fftfp_twiddle_opt_fft_101.vhd                          ; --            ; --          ; --         ;
; MISC_FILE                           ; fft-library/apn_fftfp_unorm_fft_101.vhd                                ; --            ; --          ; --         ;
; MISC_FILE                           ; fft-library/apn_fft_cmult_cpx_fft_101.vhd                              ; --            ; --          ; --         ;
; MISC_FILE                           ; fft-library/apn_fft_mult_cpx_1825_fft_101.v                            ; --            ; --          ; --         ;
; MISC_FILE                           ; fft-library/apn_fft_mult_cpx_fft_101.vhd                               ; --            ; --          ; --         ;
; MISC_FILE                           ; fft-library/apn_hcc_cntsgn32_fft_101.vhd                               ; --            ; --          ; --         ;
; MISC_FILE                           ; fft-library/apn_hcc_cntusgn32_fft_101.vhd                              ; --            ; --          ; --         ;
; MISC_FILE                           ; fft-library/apn_hcc_sgnpstn_fft_101.vhd                                ; --            ; --          ; --         ;
; MISC_FILE                           ; fft-library/apn_hcc_usgnpos_fft_101.vhd                                ; --            ; --          ; --         ;
; MISC_FILE                           ; fft-library/asj_fft_1dp_ram_fft_101.vhd                                ; --            ; --          ; --         ;
; MISC_FILE                           ; fft-library/asj_fft_1tdp_rom_fft_101.vhd                               ; --            ; --          ; --         ;
; MISC_FILE                           ; fft-library/asj_fft_3dp_rom_fft_101.vhd                                ; --            ; --          ; --         ;
; MISC_FILE                           ; fft-library/asj_fft_3pi_mram_fft_101.vhd                               ; --            ; --          ; --         ;
; MISC_FILE                           ; fft-library/asj_fft_3tdp_rom_fft_101.vhd                               ; --            ; --          ; --         ;
; MISC_FILE                           ; fft-library/asj_fft_4dp_ram_fft_101.vhd                                ; --            ; --          ; --         ;
; MISC_FILE                           ; fft-library/asj_fft_6tdp_rom_fft_101.vhd                               ; --            ; --          ; --         ;
; MISC_FILE                           ; fft-library/asj_fft_alt_shift_tdl_fft_101.vhd                          ; --            ; --          ; --         ;
; MISC_FILE                           ; fft-library/asj_fft_bfp_ctrl_fft_101.vhd                               ; --            ; --          ; --         ;
; MISC_FILE                           ; fft-library/asj_fft_bfp_i_1pt_fft_101.vhd                              ; --            ; --          ; --         ;
; MISC_FILE                           ; fft-library/asj_fft_bfp_i_fft_101.vhd                                  ; --            ; --          ; --         ;
; MISC_FILE                           ; fft-library/asj_fft_bfp_o_1pt_fft_101.vhd                              ; --            ; --          ; --         ;
; MISC_FILE                           ; fft-library/asj_fft_bfp_o_fft_101.vhd                                  ; --            ; --          ; --         ;
; MISC_FILE                           ; fft-library/asj_fft_burst_ctrl_de_fft_101.vhd                          ; --            ; --          ; --         ;
; MISC_FILE                           ; fft-library/asj_fft_burst_ctrl_fft_101.vhd                             ; --            ; --          ; --         ;
; MISC_FILE                           ; fft-library/asj_fft_burst_ctrl_qe_fft_101.vhd                          ; --            ; --          ; --         ;
; MISC_FILE                           ; fft-library/asj_fft_cmult_can_fft_101.vhd                              ; --            ; --          ; --         ;
; MISC_FILE                           ; fft-library/asj_fft_cmult_std_fft_101.vhd                              ; --            ; --          ; --         ;
; MISC_FILE                           ; fft-library/asj_fft_cnt_ctrl_de_fft_101.vhd                            ; --            ; --          ; --         ;
; MISC_FILE                           ; fft-library/asj_fft_cnt_ctrl_fft_101.vhd                               ; --            ; --          ; --         ;
; MISC_FILE                           ; fft-library/asj_fft_cxb_addr_fft_101.vhd                               ; --            ; --          ; --         ;
; MISC_FILE                           ; fft-library/asj_fft_cxb_data_fft_101.vhd                               ; --            ; --          ; --         ;
; MISC_FILE                           ; fft-library/asj_fft_cxb_data_mram_fft_101.vhd                          ; --            ; --          ; --         ;
; MISC_FILE                           ; fft-library/asj_fft_cxb_data_r_fft_101.vhd                             ; --            ; --          ; --         ;
; MISC_FILE                           ; fft-library/asj_fft_dataadgen_fft_101.vhd                              ; --            ; --          ; --         ;
; MISC_FILE                           ; fft-library/asj_fft_data_ram_dp_fft_101.vhd                            ; --            ; --          ; --         ;
; MISC_FILE                           ; fft-library/asj_fft_data_ram_fft_101.vhd                               ; --            ; --          ; --         ;
; MISC_FILE                           ; fft-library/asj_fft_dft_bfp_fft_101.vhd                                ; --            ; --          ; --         ;
; MISC_FILE                           ; fft-library/asj_fft_dft_bfp_sgl_fft_101.vhd                            ; --            ; --          ; --         ;
; MISC_FILE                           ; fft-library/asj_fft_dpi_mram_fft_101.vhd                               ; --            ; --          ; --         ;
; MISC_FILE                           ; fft-library/asj_fft_dp_mram_fft_101.vhd                                ; --            ; --          ; --         ;
; MISC_FILE                           ; fft-library/asj_fft_dualstream_fft_101.vhd                             ; --            ; --          ; --         ;
; MISC_FILE                           ; fft-library/asj_fft_in_write_sgl_fft_101.vhd                           ; --            ; --          ; --         ;
; MISC_FILE                           ; fft-library/asj_fft_lcm_mult_2m_fft_101.vhd                            ; --            ; --          ; --         ;
; MISC_FILE                           ; fft-library/asj_fft_lcm_mult_fft_101.vhd                               ; --            ; --          ; --         ;
; MISC_FILE                           ; fft-library/asj_fft_lpprdadgen_fft_101.vhd                             ; --            ; --          ; --         ;
; MISC_FILE                           ; fft-library/asj_fft_lpprdadr2gen_fft_101.vhd                           ; --            ; --          ; --         ;
; MISC_FILE                           ; fft-library/asj_fft_lpp_fft_101.vhd                                    ; --            ; --          ; --         ;
; MISC_FILE                           ; fft-library/asj_fft_lpp_serial_fft_101.vhd                             ; --            ; --          ; --         ;
; MISC_FILE                           ; fft-library/asj_fft_lpp_serial_r2_fft_101.vhd                          ; --            ; --          ; --         ;
; MISC_FILE                           ; fft-library/asj_fft_mult_add_fft_101.vhd                               ; --            ; --          ; --         ;
; MISC_FILE                           ; fft-library/asj_fft_m_k_counter_fft_101.vhd                            ; --            ; --          ; --         ;
; MISC_FILE                           ; fft-library/asj_fft_pround_fft_101.vhd                                 ; --            ; --          ; --         ;
; MISC_FILE                           ; fft-library/asj_fft_sglstream_fft_101.vhd                              ; --            ; --          ; --         ;
; MISC_FILE                           ; fft-library/asj_fft_si_de_so_bb_fft_101.vhd                            ; --            ; --          ; --         ;
; MISC_FILE                           ; fft-library/asj_fft_si_de_so_b_fft_101.vhd                             ; --            ; --          ; --         ;
; MISC_FILE                           ; fft-library/asj_fft_si_qe_so_bb_fft_101.vhd                            ; --            ; --          ; --         ;
; MISC_FILE                           ; fft-library/asj_fft_si_qe_so_b_fft_101.vhd                             ; --            ; --          ; --         ;
; MISC_FILE                           ; fft-library/asj_fft_si_se_so_bb_fft_101.vhd                            ; --            ; --          ; --         ;
; MISC_FILE                           ; fft-library/asj_fft_si_se_so_b_fft_101.vhd                             ; --            ; --          ; --         ;
; MISC_FILE                           ; fft-library/asj_fft_si_sose_so_b_fft_101.vhd                           ; --            ; --          ; --         ;
; MISC_FILE                           ; fft-library/asj_fft_tdl_bit_fft_101.vhd                                ; --            ; --          ; --         ;
; MISC_FILE                           ; fft-library/asj_fft_tdl_bit_rst_fft_101.vhd                            ; --            ; --          ; --         ;
; MISC_FILE                           ; fft-library/asj_fft_tdl_fft_101.vhd                                    ; --            ; --          ; --         ;
; MISC_FILE                           ; fft-library/asj_fft_tdl_rst_fft_101.vhd                                ; --            ; --          ; --         ;
; MISC_FILE                           ; fft-library/asj_fft_twadgen_dual_fft_101.vhd                           ; --            ; --          ; --         ;
; MISC_FILE                           ; fft-library/asj_fft_twadgen_fft_101.vhd                                ; --            ; --          ; --         ;
; MISC_FILE                           ; fft-library/asj_fft_twadsogen_fft_101.vhd                              ; --            ; --          ; --         ;
; MISC_FILE                           ; fft-library/asj_fft_twadsogen_q_fft_101.vhd                            ; --            ; --          ; --         ;
; MISC_FILE                           ; fft-library/asj_fft_twiddle_ctrl_qe_fft_101.vhd                        ; --            ; --          ; --         ;
; MISC_FILE                           ; fft-library/asj_fft_twid_rom_tdp_fft_101.vhd                           ; --            ; --          ; --         ;
; MISC_FILE                           ; fft-library/asj_fft_unbburst_ctrl_de_fft_101.vhd                       ; --            ; --          ; --         ;
; MISC_FILE                           ; fft-library/asj_fft_unbburst_ctrl_fft_101.vhd                          ; --            ; --          ; --         ;
; MISC_FILE                           ; fft-library/asj_fft_unbburst_ctrl_qe_fft_101.vhd                       ; --            ; --          ; --         ;
; MISC_FILE                           ; fft-library/asj_fft_unbburst_sose_ctrl_fft_101.vhd                     ; --            ; --          ; --         ;
; MISC_FILE                           ; fft-library/asj_fft_wrengen_fft_101.vhd                                ; --            ; --          ; --         ;
; MISC_FILE                           ; fft-library/asj_fft_wrswgen_fft_101.vhd                                ; --            ; --          ; --         ;
; MISC_FILE                           ; fft-library/auk_dspip_avalon_streaming_block_sink_fft_101.vhd          ; --            ; --          ; --         ;
; MISC_FILE                           ; fft-library/auk_dspip_avalon_streaming_block_source_fft_101.vhd        ; --            ; --          ; --         ;
; MISC_FILE                           ; fft-library/auk_dspip_avalon_streaming_controller_fft_101.vhd          ; --            ; --          ; --         ;
; MISC_FILE                           ; fft-library/auk_dspip_avalon_streaming_controller_pe_fft_101.vhd       ; --            ; --          ; --         ;
; MISC_FILE                           ; fft-library/auk_dspip_avalon_streaming_monitor_fft_101.vhd             ; --            ; --          ; --         ;
; MISC_FILE                           ; fft-library/auk_dspip_avalon_streaming_sink_fft_101.vhd                ; --            ; --          ; --         ;
; MISC_FILE                           ; fft-library/auk_dspip_avalon_streaming_sink_model_fft_101.vhd          ; --            ; --          ; --         ;
; MISC_FILE                           ; fft-library/auk_dspip_avalon_streaming_source_fft_101.vhd              ; --            ; --          ; --         ;
; MISC_FILE                           ; fft-library/auk_dspip_avalon_streaming_source_from_monitor_fft_101.vhd ; --            ; --          ; --         ;
; MISC_FILE                           ; fft-library/auk_dspip_avalon_streaming_source_model_fft_101.vhd        ; --            ; --          ; --         ;
; MISC_FILE                           ; fft-library/auk_dspip_bit_reverse_addr_control_fft_101.vhd             ; --            ; --          ; --         ;
; MISC_FILE                           ; fft-library/auk_dspip_bit_reverse_core_fft_101.vhd                     ; --            ; --          ; --         ;
; MISC_FILE                           ; fft-library/auk_dspip_bit_reverse_reverse_carry_adder_fft_101.vhd      ; --            ; --          ; --         ;
; MISC_FILE                           ; fft-library/auk_dspip_fpcompiler_alufp_fft_101.vhd                     ; --            ; --          ; --         ;
; MISC_FILE                           ; fft-library/auk_dspip_fpcompiler_aslf_fft_101.vhd                      ; --            ; --          ; --         ;
; MISC_FILE                           ; fft-library/auk_dspip_fpcompiler_asrf_fft_101.vhd                      ; --            ; --          ; --         ;
; MISC_FILE                           ; fft-library/auk_dspip_fpcompiler_castftox_fft_101.vhd                  ; --            ; --          ; --         ;
; MISC_FILE                           ; fft-library/auk_dspip_fpcompiler_castxtof_fft_101.vhd                  ; --            ; --          ; --         ;
; MISC_FILE                           ; fft-library/auk_dspip_fpcompiler_clzf_fft_101.vhd                      ; --            ; --          ; --         ;
; MISC_FILE                           ; fft-library/auk_dspip_fpcompiler_mulfp_fft_101.vhd                     ; --            ; --          ; --         ;
; MISC_FILE                           ; fft-library/auk_dspip_lib_pkg_fft_101.vhd                              ; --            ; --          ; --         ;
; MISC_FILE                           ; fft-library/auk_dspip_math_pkg_fft_101.vhd                             ; --            ; --          ; --         ;
; MISC_FILE                           ; fft-library/auk_dspip_r22sdf_adder_fp_fft_101.vhd                      ; --            ; --          ; --         ;
; MISC_FILE                           ; fft-library/auk_dspip_r22sdf_addsub_fft_101.vhd                        ; --            ; --          ; --         ;
; MISC_FILE                           ; fft-library/auk_dspip_r22sdf_bfii_fft_101.vhd                          ; --            ; --          ; --         ;
; MISC_FILE                           ; fft-library/auk_dspip_r22sdf_bfi_fft_101.vhd                           ; --            ; --          ; --         ;
; MISC_FILE                           ; fft-library/auk_dspip_r22sdf_bf_control_fft_101.vhd                    ; --            ; --          ; --         ;
; MISC_FILE                           ; fft-library/auk_dspip_r22sdf_cma_adder_fp_fft_101.vhd                  ; --            ; --          ; --         ;
; MISC_FILE                           ; fft-library/auk_dspip_r22sdf_cma_bfi_fp_fft_101.vhd                    ; --            ; --          ; --         ;
; MISC_FILE                           ; fft-library/auk_dspip_r22sdf_cma_fft_101.vhd                           ; --            ; --          ; --         ;
; MISC_FILE                           ; fft-library/auk_dspip_r22sdf_core_fft_101.vhd                          ; --            ; --          ; --         ;
; MISC_FILE                           ; fft-library/auk_dspip_r22sdf_counter_fft_101.vhd                       ; --            ; --          ; --         ;
; MISC_FILE                           ; fft-library/auk_dspip_r22sdf_delay_fft_101.vhd                         ; --            ; --          ; --         ;
; MISC_FILE                           ; fft-library/auk_dspip_r22sdf_enable_control_fft_101.vhd                ; --            ; --          ; --         ;
; MISC_FILE                           ; fft-library/auk_dspip_r22sdf_lib_pkg_fft_101.vhd                       ; --            ; --          ; --         ;
; MISC_FILE                           ; fft-library/auk_dspip_r22sdf_stage_fft_101.vhd                         ; --            ; --          ; --         ;
; MISC_FILE                           ; fft-library/auk_dspip_r22sdf_stg_out_pipe_fft_101.vhd                  ; --            ; --          ; --         ;
; MISC_FILE                           ; fft-library/auk_dspip_r22sdf_stg_pipe_fft_101.vhd                      ; --            ; --          ; --         ;
; MISC_FILE                           ; fft-library/auk_dspip_r22sdf_top_fft_101.vhd                           ; --            ; --          ; --         ;
; MISC_FILE                           ; fft-library/auk_dspip_r22sdf_twrom_fft_101.vhd                         ; --            ; --          ; --         ;
; MISC_FILE                           ; fft-library/auk_dspip_roundsat_fft_101.vhd                             ; --            ; --          ; --         ;
; MISC_FILE                           ; fft-library/auk_dspip_text_pkg_fft_101.vhd                             ; --            ; --          ; --         ;
; MISC_FILE                           ; fft-library/fft_pack_fft_101.vhd                                       ; --            ; --          ; --         ;
; MISC_FILE                           ; fft-library/twid_rom_fft_101.vhd                                       ; --            ; --          ; --         ;
; MISC_FILE                           ; FFT.vo                                                                 ; --            ; --          ; --         ;
; MISC_FILE                           ; FFT_tb.v                                                               ; --            ; --          ; --         ;
; MISC_FILE                           ; FFT_model.m                                                            ; --            ; --          ; --         ;
; MISC_FILE                           ; FFT_tb.m                                                               ; --            ; --          ; --         ;
; MISC_FILE                           ; FFT_nativelink.tcl                                                     ; --            ; --          ; --         ;
; MISC_FILE                           ; real_input.txt                                                         ; --            ; --          ; --         ;
; MISC_FILE                           ; imag_input.txt                                                         ; --            ; --          ; --         ;
; MISC_FILE                           ; FFT_1n2048sin.hex                                                      ; --            ; --          ; --         ;
; MISC_FILE                           ; FFT_2n2048sin.hex                                                      ; --            ; --          ; --         ;
; MISC_FILE                           ; FFT_3n2048sin.hex                                                      ; --            ; --          ; --         ;
; MISC_FILE                           ; FFT_1n2048cos.hex                                                      ; --            ; --          ; --         ;
; MISC_FILE                           ; FFT_2n2048cos.hex                                                      ; --            ; --          ; --         ;
; MISC_FILE                           ; FFT_3n2048cos.hex                                                      ; --            ; --          ; --         ;
; MISC_FILE                           ; FFT.v                                                                  ; --            ; --          ; --         ;
; MISC_FILE                           ; FFT_bb.v                                                               ; --            ; --          ; --         ;
; MISC_FILE                           ; FFT.bsf                                                                ; --            ; --          ; --         ;
; MISC_FILE                           ; FFT.qip                                                                ; --            ; --          ; --         ;
; MISC_FILE                           ; FFT.html                                                               ; --            ; --          ; --         ;
; MISC_FILE                           ; PLL_bb.v                                                               ; --            ; --          ; --         ;
; MISC_FILE                           ; PLL.ppf                                                                ; --            ; --          ; --         ;
; MISC_FILE                           ; FIFO_bb.v                                                              ; --            ; --          ; --         ;
; PARTITION_COLOR                     ; 16764057                                                               ; --            ; --          ; Top        ;
; PARTITION_FITTER_PRESERVATION_LEVEL ; PLACEMENT_AND_ROUTING                                                  ; --            ; --          ; Top        ;
; PARTITION_NETLIST_TYPE              ; SOURCE                                                                 ; --            ; --          ; Top        ;
; POWER_BOARD_THERMAL_MODEL           ; None (CONSERVATIVE)                                                    ; --            ; --          ; --         ;
; POWER_PRESET_COOLING_SOLUTION       ; 23 MM HEAT SINK WITH 200 LFPM AIRFLOW                                  ; --            ; --          ; --         ;
; SEARCH_PATH                         ; .                                                                      ; --            ; --          ; --         ;
; SEARCH_PATH                         ; fft-library                                                            ; --            ; --          ; --         ;
+-------------------------------------+------------------------------------------------------------------------+---------------+-------------+------------+


+-------------------------------------------------------------------------------------------------------------------------------+
; Flow Elapsed Time                                                                                                             ;
+---------------------------+--------------+-------------------------+---------------------+------------------------------------+
; Module Name               ; Elapsed Time ; Average Processors Used ; Peak Virtual Memory ; Total CPU Time (on all processors) ;
+---------------------------+--------------+-------------------------+---------------------+------------------------------------+
; Analysis & Synthesis      ; 00:00:07     ; 1.0                     ; 579 MB              ; 00:00:06                           ;
; Fitter                    ; 00:00:14     ; 1.0                     ; 634 MB              ; 00:00:14                           ;
; Assembler                 ; 00:00:04     ; 1.0                     ; 502 MB              ; 00:00:04                           ;
; TimeQuest Timing Analyzer ; 00:00:05     ; 1.0                     ; 510 MB              ; 00:00:05                           ;
; Total                     ; 00:00:30     ; --                      ; --                  ; 00:00:29                           ;
+---------------------------+--------------+-------------------------+---------------------+------------------------------------+


+----------------------------------------------------------------------------------------+
; Flow OS Summary                                                                        ;
+---------------------------+------------------+-----------+------------+----------------+
; Module Name               ; Machine Hostname ; OS Name   ; OS Version ; Processor type ;
+---------------------------+------------------+-----------+------------+----------------+
; Analysis & Synthesis      ; owner-PC         ; Windows 7 ; 6.1        ; x86_64         ;
; Fitter                    ; owner-PC         ; Windows 7 ; 6.1        ; x86_64         ;
; Assembler                 ; owner-PC         ; Windows 7 ; 6.1        ; x86_64         ;
; TimeQuest Timing Analyzer ; owner-PC         ; Windows 7 ; 6.1        ; x86_64         ;
+---------------------------+------------------+-----------+------------+----------------+


------------
; Flow Log ;
------------
quartus_map --read_settings_files=on --write_settings_files=off SDR_REV_A -c SDR_REV_A
quartus_fit --read_settings_files=off --write_settings_files=off SDR_REV_A -c SDR_REV_A
quartus_asm --read_settings_files=off --write_settings_files=off SDR_REV_A -c SDR_REV_A
quartus_sta SDR_REV_A -c SDR_REV_A



